../Core/Src/main.c:92:5:main	104	static
../Core/Src/main.c:214:6:SystemClock_Config	88	static
../Core/Src/main.c:260:13:MX_TIM2_Init	64	static
../Core/Src/main.c:331:13:MX_TIM3_Init	72	static
../Core/Src/main.c:405:13:MX_TIM4_Init	72	static
../Core/Src/main.c:479:13:MX_USART1_UART_Init	8	static
../Core/Src/main.c:512:13:MX_GPIO_Init	24	static
../Core/Src/main.c:527:9:pulse_to_PWM	16	static
../Core/Src/main.c:544:6:HAL_TIM_IC_CaptureCallback	16	static
../Core/Src/main.c:555:6:Error_Handler	4	static,ignoring_inline_asm
